# serializer version: 1
# name: test_generate_preview_data
  BranchData(dirs={'two': BranchData(dirs={}, files=['bar.md'], tag=<Tag ID: None Name: two>)}, files=[], tag=None)
# ---
